// Jest Snapshot v1, https://goo.gl/fbAQLP

exports[`renderImage should render eight capital letters 1`] = `
"██░░██░░██░░██░░██░░██░░██░░██░░██░░██░░
███░░░███░░░███░░░███░░░███░░░███░░░███░
████░░░░████░░░░████░░░░████░░░░████░░░░
█████░░░░░█████░░░░░█████░░░░░█████░░░░░
██████░░░░░░██████░░░░░░██████░░░░░░████
███████░░░░░░░███████░░░░░░░███████░░░░░
"
`;
